// Jest Snapshot v1, https://goo.gl/fbAQLP

exports[`Desktop::Notification all unsupported instance methods defined 1`] = `
Array [
  "close",
  "sendMessage",
  "sendMessageToApplication",
]
`;

exports[`Desktop::Notification all unsupported static methods defined 1`] = `
Array [
  "getCurrent",
]
`;
